---
openapi: 3.0.3
info:
  title: My Project
  version: 10.5.36
servers:
  - url: ""
tags:
  - name: Issue144
    description: Issue 144 webservice
paths:
  /issue144/foo:
    put:
      tags:
        - Issue144
      operationId: getRequestItems
      description: Get the requested items
      requestBody:
        content:
          '*/*':
            schema:
              $ref: '#/components/schemas/ChildRequestDto'
        description: some price request
      responses:
        200:
          description: the requested item
          content:
            '*/*':
              schema:
                type: string
components:
  schemas:
    ChildRequestDto:
      description: The child request dto
      type: object
      properties:
        priceRequestItems:
          description: The price request items
          type: array
          items:
            $ref: '#/components/schemas/ChildRequestItem'
    ChildRequestItem:
      description: The child request item
      type: object
      properties:
        baseField:
          description: The base field
          type: string
        childField:
          description: The child field
          type: string
